// Jest Snapshot v1, https://goo.gl/fbAQLP

exports[`Pruebas en el componente seacrhHero Debe de mostrarse correctamente con los valores por defecto 1`] = `
{
  "asFragment": [Function],
  "baseElement": <body>
    <div>
      <h1>
         Search heroe 
      </h1>
      <hr />
      <div
        class="row"
      >
        <div
          class="col-5"
        >
          <h4>
             Searching... 
          </h4>
          <form
            aria-label="form"
          >
            <input
              autocomplete="off"
              class="form-control mt-4"
              name="searchText"
              placeholder="Search a hero"
              type="text"
              value=""
            />
            <button
              class="btn btn-primary mt-4"
              type="submit"
            >
               Search 
            </button>
          </form>
        </div>
        <div
          class="col-7 mt-4"
        >
          <h2>
            Results
          </h2>
          <div
            class="alert alert-primary animate__animated animate__fadeIn"
            style="display: none;"
          >
            Search a hero
          </div>
          <div
            aria-label="alertNoHero"
            class="alert alert-danger animate__animated animate__fadeIn"
            style="display: none;"
          >
            <strong>
              Ther's no hero 
              <b>
                 
                 
              </b>
            </strong>
          </div>
        </div>
      </div>
    </div>
  </body>,
  "container": <div>
    <h1>
       Search heroe 
    </h1>
    <hr />
    <div
      class="row"
    >
      <div
        class="col-5"
      >
        <h4>
           Searching... 
        </h4>
        <form
          aria-label="form"
        >
          <input
            autocomplete="off"
            class="form-control mt-4"
            name="searchText"
            placeholder="Search a hero"
            type="text"
            value=""
          />
          <button
            class="btn btn-primary mt-4"
            type="submit"
          >
             Search 
          </button>
        </form>
      </div>
      <div
        class="col-7 mt-4"
      >
        <h2>
          Results
        </h2>
        <div
          class="alert alert-primary animate__animated animate__fadeIn"
          style="display: none;"
        >
          Search a hero
        </div>
        <div
          aria-label="alertNoHero"
          class="alert alert-danger animate__animated animate__fadeIn"
          style="display: none;"
        >
          <strong>
            Ther's no hero 
            <b>
               
               
            </b>
          </strong>
        </div>
      </div>
    </div>
  </div>,
  "debug": [Function],
  "findAllByAltText": [Function],
  "findAllByDisplayValue": [Function],
  "findAllByLabelText": [Function],
  "findAllByPlaceholderText": [Function],
  "findAllByRole": [Function],
  "findAllByTestId": [Function],
  "findAllByText": [Function],
  "findAllByTitle": [Function],
  "findByAltText": [Function],
  "findByDisplayValue": [Function],
  "findByLabelText": [Function],
  "findByPlaceholderText": [Function],
  "findByRole": [Function],
  "findByTestId": [Function],
  "findByText": [Function],
  "findByTitle": [Function],
  "getAllByAltText": [Function],
  "getAllByDisplayValue": [Function],
  "getAllByLabelText": [Function],
  "getAllByPlaceholderText": [Function],
  "getAllByRole": [Function],
  "getAllByTestId": [Function],
  "getAllByText": [Function],
  "getAllByTitle": [Function],
  "getByAltText": [Function],
  "getByDisplayValue": [Function],
  "getByLabelText": [Function],
  "getByPlaceholderText": [Function],
  "getByRole": [Function],
  "getByTestId": [Function],
  "getByText": [Function],
  "getByTitle": [Function],
  "queryAllByAltText": [Function],
  "queryAllByDisplayValue": [Function],
  "queryAllByLabelText": [Function],
  "queryAllByPlaceholderText": [Function],
  "queryAllByRole": [Function],
  "queryAllByTestId": [Function],
  "queryAllByText": [Function],
  "queryAllByTitle": [Function],
  "queryByAltText": [Function],
  "queryByDisplayValue": [Function],
  "queryByLabelText": [Function],
  "queryByPlaceholderText": [Function],
  "queryByRole": [Function],
  "queryByTestId": [Function],
  "queryByText": [Function],
  "queryByTitle": [Function],
  "rerender": [Function],
  "unmount": [Function],
}
`;
